// Jest Snapshot v1, https://goo.gl/fbAQLP

exports[`should take screenshot successfully 1`] = `
<App>
  <div
    className="App"
  >
    <header
      className="App-header"
    >
      <p>
        Edit 
        <code>
          src/App.js
        </code>
         and save to reload.
      </p>
    </header>
  </div>
</App>
`;
